
[7m[1m[36m RUN [39m[22m[27m [36mv1.6.1[39m [90mC:/Proyectos/Inv[39m

[90mstdout[2m | tests/unit/components/Editor.test.tsx[2m > [22m[2mEditorClient Component Tests[2m > [22m[2mdebe renderizar el formulario din├ímico con los campos del template[22m[39m
DIAGNOSTIC - errors: {}
DIAGNOSTIC - errors: {}

[90mstdout[2m | tests/unit/components/Editor.test.tsx[2m > [22m[2mEditorClient Component Tests[2m > [22m[2mdebe actualizar el preview instant├íneamente al escribir en un campo[22m[39m
DIAGNOSTIC - errors: {}
DIAGNOSTIC - errors: {}
DIAGNOSTIC - nombresInput value: 
DIAGNOSTIC - errors: {}

[90mstdout[2m | tests/unit/components/Editor.test.tsx[2m > [22m[2mEditorClient Component Tests[2m > [22m[2mdebe cambiar el color en el preview al seleccionar un color en el picker[22m[39m
DIAGNOSTIC - errors: {}
DIAGNOSTIC - errors: {}
DIAGNOSTIC - errors: {}

[90mstdout[2m | tests/unit/components/Editor.test.tsx[2m > [22m[2mEditorClient Component Tests[2m > [22m[2mdebe guardar como borrador exitosamente aun con campos vacios[22m[39m
DIAGNOSTIC - errors: {}
DIAGNOSTIC - errors: {}
VALIDATION ERRORS FOUND IN TEST:
- *
- *
- *
- *
- *
- *
- *
- *
- *
- *
DIAGNOSTIC - errors: {
  edad: {
    message: [32m'Expected number, received nan'[39m,
    type: [32m'invalid_type'[39m,
    ref: HTMLInputElement {
      [32m'__reactFiber$iv6y9glisvj'[39m: [36m[FiberNode][39m,
      [32m'__reactProps$iv6y9glisvj'[39m: [36m[Object][39m,
      _wrapperState: [36m[Object][39m,
      [32m'__reactEvents$iv6y9glisvj'[39m: [36m[Set][39m,
      value: [36m[Getter/Setter][39m,
      _valueTracker: [36m[Object][39m
    }
  }
}

[90mstdout[2m | tests/unit/components/Editor.test.tsx[2m > [22m[2mEditorClient Component Tests[2m > [22m[2mdebe fallar al publicar y mostrar errores si hay campos requeridos vacios[22m[39m
DIAGNOSTIC - errors: {}
DIAGNOSTIC - errors: {}
DIAGNOSTIC - errors: {
  nombre: {
    type: [32m'required'[39m,
    message: [32m'El campo "Nombre del festejado" es requerido'[39m,
    ref: HTMLInputElement {
      [32m'__reactFiber$iv6y9glisvj'[39m: [36m[FiberNode][39m,
      [32m'__reactProps$iv6y9glisvj'[39m: [36m[Object][39m,
      _wrapperState: [36m[Object][39m,
      [32m'__reactEvents$iv6y9glisvj'[39m: [36m[Set][39m,
      value: [36m[Getter/Setter][39m,
      _valueTracker: [36m[Object][39m
    }
  },
  edad: {
    type: [32m'required'[39m,
    message: [32m'Expected number, received nan'[39m,
    ref: HTMLInputElement {
      [32m'__reactFiber$iv6y9glisvj'[39m: [36m[FiberNode][39m,
      [32m'__reactProps$iv6y9glisvj'[39m: [36m[Object][39m,
      _wrapperState: [36m[Object][39m,
      [32m'__reactEvents$iv6y9glisvj'[39m: [36m[Set][39m,
      value: [36m[Getter/Setter][39m,
      _valueTracker: [36m[Object][39m
    }
  },
  hora: {
    type: [32m'required'[39m,
    message: [32m'El campo "Hora" es requerido'[39m,
    ref: HTMLInputElement {
      [32m'__reactFiber$iv6y9glisvj'[39m: [36m[FiberNode][39m,
      [32m'__reactProps$iv6y9glisvj'[39m: [36m[Object][39m,
      _wrapperState: [36m[Object][39m,
      [32m'__reactEvents$iv6y9glisvj'[39m: [36m[Set][39m,
      value: [36m[Getter/Setter][39m,
      _valueTracker: [36m[Object][39m
    }
  },
  lugar: {
    type: [32m'required'[39m,
    message: [32m'El campo "Nombre del lugar" es requerido'[39m,
    ref: HTMLInputElement {
      [32m'__reactFiber$iv6y9glisvj'[39m: [36m[FiberNode][39m,
      [32m'__reactProps$iv6y9glisvj'[39m: [36m[Object][39m,
      _wrapperState: [36m[Object][39m,
      [32m'__reactEvents$iv6y9glisvj'[39m: [36m[Set][39m,
      value: [36m[Getter/Setter][39m,
      _valueTracker: [36m[Object][39m
    }
  },
  direccion: {
    type: [32m'required'[39m,
    message: [32m'El campo "Direcci├│n" es requerido'[39m,
    ref: HTMLTextAreaElement {
      [32m'__reactFiber$iv6y9glisvj'[39m: [36m[FiberNode][39m,
      [32m'__reactProps$iv6y9glisvj'[39m: [36m[Object][39m,
      _wrapperState: [36m[Object][39m,
      [32m'__reactEvents$iv6y9glisvj'[39m: [36m[Set][39m,
      value: [36m[Getter/Setter][39m,
      _valueTracker: [36m[Object][39m
    }
  },
  tipoCelebracion: {
    type: [32m'required'[39m,
    message: [32m'El campo "Tipo de celebraci├│n" es requerido'[39m,
    ref: HTMLSelectElement {
      [32m'__reactFiber$iv6y9glisvj'[39m: [36m[FiberNode][39m,
      [32m'__reactProps$iv6y9glisvj'[39m: [36m[Object][39m,
      _wrapperState: [36m[Object][39m,
      [32m'__reactEvents$iv6y9glisvj'[39m: [36m[Set][39m
    }
  },
  fotoPortada: {
    type: [32m'required'[39m,
    message: [32m'El campo "Foto del festejado" es requerido'[39m,
    ref: HTMLInputElement {
      [32m'__reactFiber$iv6y9glisvj'[39m: [36m[FiberNode][39m,
      [32m'__reactProps$iv6y9glisvj'[39m: [36m[Object][39m,
      _wrapperState: [36m[Object][39m,
      [32m'__reactEvents$iv6y9glisvj'[39m: [36m[Set][39m,
      value: [36m[Getter/Setter][39m,
      _valueTracker: [36m[Object][39m
    }
  },
  musica: {
    type: [32m'required'[39m,
    message: [32m'El campo "M├║sica" es requerido'[39m,
    ref: HTMLSelectElement {
      [32m'__reactFiber$iv6y9glisvj'[39m: [36m[FiberNode][39m,
      [32m'__reactProps$iv6y9glisvj'[39m: [36m[Object][39m,
      _wrapperState: [36m[Object][39m,
      [32m'__reactEvents$iv6y9glisvj'[39m: [36m[Set][39m
    }
  },
  whatsapp: {
    type: [32m'required'[39m,
    message: [32m'El campo "WhatsApp" es requerido'[39m,
    ref: HTMLInputElement {
      [32m'__reactFiber$iv6y9glisvj'[39m: [36m[FiberNode][39m,
      [32m'__reactProps$iv6y9glisvj'[39m: [36m[Object][39m,
      _wrapperState: [36m[Object][39m,
      [32m'__reactEvents$iv6y9glisvj'[39m: [36m[Set][39m,
      value: [36m[Getter/Setter][39m,
      _valueTracker: [36m[Object][39m
    }
  }
}

 [33mÔØ»[39m tests/unit/components/Editor.test.tsx [2m ([22m[2m5 tests[22m [2m|[22m [31m1 failed[39m[2m)[22m[33m 2118[2mms[22m[39m
[31m   [33mÔØ»[31m tests/unit/components/Editor.test.tsx[2m > [22mEditorClient Component Tests[2m > [22mdebe guardar como borrador exitosamente aun con campos vacios[39m
[31m     ÔåÆ expected "spy" to be called at least once

Ignored nodes: comments, script, style
[36m<html>[31m
  [36m<head />[31m
  [36m<body>[31m
    [36m<div>[31m
      [36m<div[31m
        [33mclass[31m=[32m"flex flex-col lg:flex-row min-h-[calc(100vh-4rem)] bg-slate-950 text-slate-100 font-sans"[31m
      [36m>[31m
        [36m<div[31m
          [33mclass[31m=[32m"lg:hidden flex border-b border-slate-900 bg-slate-950/90 p-2.5 sticky top-0 z-30 backdrop-blur-md gap-2 w-full"[31m
        [36m>[31m
          [36m<button[31m
            [33mclass[31m=[32m"flex-1 py-2 text-center text-xs font-bold rounded-lg transition-all border bg-violet-600/10 text-violet-400 border-violet-500/30 shadow-md shadow-violet-900/5"[31m
            [33mtype[31m=[32m"button"[31m
          [36m>[31m
            [0mÔ£Å´©Å Editar Formulario[0m
          [36m</button>[31m
          [36m<button[31m
            [33mclass[31m=[32m"flex-1 py-2 text-center text-xs font-bold rounded-lg transition-all border text-slate-400 hover:text-slate-200 border-transparent"[31m
            [33mtype[31m=[32m"button"[31m
          [36m>[31m
            [0m­ƒæü´©Å Vista Previa[0m
          [36m</button>[31m
        [36m</div>[31m
        [36m<div[31m
          [33mclass[31m=[32m"w-full lg:w-[35%] border-r border-slate-900 flex-col h-[calc(100vh-4rem)] relative flex"[31m
        [36m>[31m
          [36m<div[31m
            [33mclass[31m=[32m"flex-1 overflow-y-auto p-6 pb-28 space-y-8"[31m
          [36m>[31m
            [36m<div[31m
              [33mclass[31m=[32m"flex items-center justify-between border-b border-slate-900 pb-4"[31m
            [36m>[31m
              [36m<div[31m
                [33mclass[31m=[32m"space-y-1"[31m
              [36m>[31m
                [36m<a[31m
                  [33mclass[31m=[32m"flex items-center gap-1 text-xs text-slate-500 hover:text-violet-400 transition-colors"[31m
                  [33mhref[31m=[32m"/admin/pedidos/pedido-123"[31m
                [36m>[31m
                  [36m<svg[31m
                    [33maria-hidden[31m=[32m"true"[31m
                    [33mclass[31m=[32m"lucide lucide-arrow-left h-3.5 w-3.5"[31m
                    [33mfill[31m=[32m"none"[31m
                    [33mheight[31m=[32m"24"[31m
                    [33mstroke[31m=[32m"currentColor"[31m
                    [33mstroke-linecap[31m=[32m"round"[31m
                    [33mstroke-linejoin[31m=[32m"round"[31m
                    [33mstroke-width[31m=[32m"2"[31m
                    [33mviewBox[31m=[32m"0 0 24 24"[31m
                    [33mwidth[31m=[32m"24"[31m
                    [33mxmlns[31m=[32m"http://www.w3.org/2000/svg"[31m
                  [36m>[31m
                    [36m<path[31m
                      [33md[31m=[32m"m12 19-7-7 7-7"[31m
                    [36m/>[31m
                    [36m<path[31m
                      [33md[31m=[32m"M19 12H5"[31m
                    [36m/>[31m
                  [36m</svg>[31m
                  [0mDetalle del Pedido[0m
                [36m</a>[31m
                [36m<h2[31m
                  [33mclass[31m=[32m"text-xl font-bold tracking-tight text-white mt-1"[31m
                [36m>[31m
                  [0mEditar Invitaci├│n[0m
                [36m</h2>[31m
              [36m</div>[31m
              [36m<span[31m
                [33mclass[31m=[32m"inline-flex items-center rounded-full bg-slate-900 px-3 py-1 text-xs font-semibold ring-1 ring-slate-800 text-slate-400 shadow-inner"[31m
              [36m>[31m
                [0mCumplea├▒os Esencial[0m
              [36m</span>[31m
            [36m</div>[31m
            [36m<form[31m
              [33mclass[31m=[32m"space-y-8"[31m
              [33mid[31m=[32m"editor-form"[31m
            [36m>[31m
              [36m<div[31m
                [33mclass[31m=[32m"space-y-4 bg-slate-900/10 p-4 rounded-xl border border-slate-900/50"[31m
              [36m>[31m
                [36m<h3[31m
                  [33mclass[31m=[32m"text-sm font-bold text-slate-200 border-b border-slate-900 pb-2 mb-2 tracking-wide flex items-center gap-2"[31m
                [36m>[31m
                  [36m<span[31m
                    [33mclass[31m=[32m"h-1.5 w-1.5 rounded-full bg-violet-500"[31m
                  [36m/>[31m
                  [0m­ƒæñ Informaci├│n del evento[0m
                [36m</h3>[31m
                [36m<div[31m
                  [33mclass[31m=[32m"space-y-5"[31m
                [36m>[31m
                  [36m<div[31m
                    [33mclass[31m=[32m"space-y-2"[31m
                  [36m>[31m
                    [36m<label[31m
                      [33mclass[31m=[32m"text-xs uppercase tracking-wider font-bold text-slate-400 flex items-center justify-between"[31m
                    [36m>[31m
                      [36m<span>[31m
                        [0mNombre del festejado[0m
                        [0m [0m
                        [36m<span[31m
                          [33mclass[31m=[32m"text-rose-500"[31m
                        [36m>[31m
                          [0m*[0m
                        [36m</span>[31m
                      [36m</span>[31m
                    [36m</label>[31m
                    [36m<input[31m
                      [33mclass[31m=[32m"w-full min-w-0 px-2.5 py-1 transition-colors outline-none file:inline-flex file:h-6 file:border-0 file:bg-transparent file:text-sm file:font-medium file:text-foreground focus-visible:border-ring focus-visible:ring-3 disabled:pointer-events-none disabled:cursor-not-allowed disabled:bg-input/50 disabled:opacity-50 aria-invalid:border-destructive aria-invalid:ring-3 aria-invalid:ring-destructive/20 md:text-sm dark:bg-input/30 dark:disabled:bg-input/80 dark:aria-invalid:border-destructive/50 dark:aria-invalid:ring-destructive/40 border bg-slate-950 text-sm focus-visible:ring-violet-500 text-slate-100 placeholder:text-slate-700 h-10 rounded-lg border-slate-800"[31m
                      [33mdata-slot[31m=[32m"input"[31m
                      [33mid[31m=[32m"base-ui-:ru:"[31m
                      [33mname[31m=[32m"nombre"[31m
                      [33mplaceholder[31m=[32m"Sof├¡a Hern├índez"[31m
                      [33mtype[31m=[32m"text"[31m
                      [33mvalue[31m=[32m""[31m
                    [36m/>[31m
                  [36m</div>[31m
                  [36m<div[31m
                    [33mclass[31m=[32m"space-y-2"[31m
                  [36m>[31m
                    [36m<label[31m
                      [33mclass[31m=[32m"text-xs uppercase tracking-wider font-bold text-slate-400 flex items-center justify-between"[31m
                    [36m>[31m
                      [36m<span>[31m
                        [0mEdad que cumple[0m
                        [0m [0m
                        [36m<span[31m
  ...[39m

[2m Test Files [22m [1m[31m1 failed[39m[22m[90m (1)[39m
[2m      Tests [22m [1m[31m1 failed[39m[22m[2m | [22m[1m[32m4 passed[39m[22m[90m (5)[39m
[2m   Start at [22m 12:22:04
[2m   Duration [22m 6.18s[2m (transform 438ms, setup 245ms, collect 1.50s, tests 2.12s, environment 1.02s, prepare 300ms)[22m

